STEP1:- open respective folder for experiment  in cmd. 
D:\CSEDLAB5R5\EXP1>

STEP2:- Use git init command to initialize git.
D:\CSEDLAB5R5\EXP1>git init 
NOTE :- initialize empty git repository in working directory.

STEP3:-  To know the status of working directory.
D:\CSEDLAB5R5\EXP1>git status

STEP4 :-

On branch master

No commits yet

Untracked files:
  (use "git add <file>..." to include in what will be committed)
        EXAMPLE.html
        EXAMPLE.txt
        EXAMPLE1.txt
        STEP1- open respective folder for e.txt
        audio.wav
        foo.mp4

nothing added to commit but untracked files present (use "git add" to track)

D:\CSEDLAB5R5\EXP1>git add EXAMPLE.html



D:\CSEDLAB5R5\EXP1>git status
On branch master

No commits yet

Changes to be committed:
  (use "git rm --cached <file>..." to unstage)
        new file:   EXAMPLE.html

Untracked files:
  (use "git add <file>..." to include in what will be committed)
        EXAMPLE.txt
        EXAMPLE1.txt
        STEP1- open respective folder for e.txt
        audio.wav
        foo.mp4





D:\CSEDLAB5R5\EXP1>git config --global user.email "srianisha2005@gmail.com"

D:\CSEDLAB5R5\EXP1>git commit -m "commiting HTML code and examples"
[master (root-commit) 558114c] commiting HTML code and examples
 4 files changed, 31 insertions(+)
 create mode 100644 EXAMPLE.html
 create mode 100644 EXAMPLE.txt
 create mode 100644 audio.wav
 create mode 100644 foo.mp4



D:\CSEDLAB5R5\EXP1>git branch master1

D:\CSEDLAB5R5\EXP1>git push -u origin master1
info: please complete authentication in your browser...
Enumerating objects: 6, done.
Counting objects: 100% (6/6), done.
Delta compression using up to 12 threads
Compressing objects: 100% (5/5), done.
Writing objects: 100% (6/6), 1.41 MiB | 1.97 MiB/s, done.
Total 6 (delta 0), reused 0 (delta 0), pack-reused 0 (from 0)
To https://github.com/srianisha/EXP-1.git
 * [new branch]      master1 -> master1
branch 'master1' set up to track 'origin/master1'.

 